Archive member included to satisfy reference by file (symbol)

d:/mounriver/mounriver_studio/toolchain/risc-v embedded gcc/bin/../lib/gcc/riscv-none-embed/8.2.0/rv32imac/ilp32\libgcc.a(adddf3.o)
                              ./User/Hardware/IIC_OLED/IIC_OLED.o (__adddf3)
d:/mounriver/mounriver_studio/toolchain/risc-v embedded gcc/bin/../lib/gcc/riscv-none-embed/8.2.0/rv32imac/ilp32\libgcc.a(muldf3.o)
                              ./User/Hardware/IIC_OLED/IIC_OLED.o (__muldf3)
d:/mounriver/mounriver_studio/toolchain/risc-v embedded gcc/bin/../lib/gcc/riscv-none-embed/8.2.0/rv32imac/ilp32\libgcc.a(fixunsdfsi.o)
                              ./User/Hardware/IIC_OLED/IIC_OLED.o (__fixunsdfsi)
d:/mounriver/mounriver_studio/toolchain/risc-v embedded gcc/bin/../lib/gcc/riscv-none-embed/8.2.0/rv32imac/ilp32\libgcc.a(mulsf3.o)
                              ./User/Hardware/IIC_OLED/IIC_OLED.o (__mulsf3)
d:/mounriver/mounriver_studio/toolchain/risc-v embedded gcc/bin/../lib/gcc/riscv-none-embed/8.2.0/rv32imac/ilp32\libgcc.a(subsf3.o)
                              ./User/Hardware/IIC_OLED/IIC_OLED.o (__subsf3)
d:/mounriver/mounriver_studio/toolchain/risc-v embedded gcc/bin/../lib/gcc/riscv-none-embed/8.2.0/rv32imac/ilp32\libgcc.a(fixunssfsi.o)
                              ./User/main.o (__fixunssfsi)
d:/mounriver/mounriver_studio/toolchain/risc-v embedded gcc/bin/../lib/gcc/riscv-none-embed/8.2.0/rv32imac/ilp32\libgcc.a(floatunsisf.o)
                              ./User/Hardware/IIC_OLED/IIC_OLED.o (__floatunsisf)
d:/mounriver/mounriver_studio/toolchain/risc-v embedded gcc/bin/../lib/gcc/riscv-none-embed/8.2.0/rv32imac/ilp32\libgcc.a(extendsfdf2.o)
                              ./User/Hardware/IIC_OLED/IIC_OLED.o (__extendsfdf2)
d:/mounriver/mounriver_studio/toolchain/risc-v embedded gcc/bin/../lib/gcc/riscv-none-embed/8.2.0/rv32imac/ilp32\libgcc.a(_clzsi2.o)
                              d:/mounriver/mounriver_studio/toolchain/risc-v embedded gcc/bin/../lib/gcc/riscv-none-embed/8.2.0/rv32imac/ilp32\libgcc.a(adddf3.o) (__clzsi2)
d:/mounriver/mounriver_studio/toolchain/risc-v embedded gcc/bin/../lib/gcc/riscv-none-embed/8.2.0/rv32imac/ilp32\libgcc.a(_clz.o)
                              d:/mounriver/mounriver_studio/toolchain/risc-v embedded gcc/bin/../lib/gcc/riscv-none-embed/8.2.0/rv32imac/ilp32\libgcc.a(_clzsi2.o) (__clz_tab)
d:/mounriver/mounriver_studio/toolchain/risc-v embedded gcc/bin/../lib/gcc/riscv-none-embed/8.2.0/../../../../riscv-none-embed/lib/rv32imac/ilp32\libg_nano.a(lib_a-printf.o)
                              ./Peripheral/src/ch32v30x_eth.o (printf)
d:/mounriver/mounriver_studio/toolchain/risc-v embedded gcc/bin/../lib/gcc/riscv-none-embed/8.2.0/../../../../riscv-none-embed/lib/rv32imac/ilp32\libg_nano.a(lib_a-sprintf.o)
                              ./User/Hardware/IIC_OLED/IIC_OLED.o (sprintf)
d:/mounriver/mounriver_studio/toolchain/risc-v embedded gcc/bin/../lib/gcc/riscv-none-embed/8.2.0/../../../../riscv-none-embed/lib/rv32imac/ilp32\libg_nano.a(lib_a-findfp.o)
                              d:/mounriver/mounriver_studio/toolchain/risc-v embedded gcc/bin/../lib/gcc/riscv-none-embed/8.2.0/../../../../riscv-none-embed/lib/rv32imac/ilp32\libg_nano.a(lib_a-printf.o) (__sinit)
d:/mounriver/mounriver_studio/toolchain/risc-v embedded gcc/bin/../lib/gcc/riscv-none-embed/8.2.0/../../../../riscv-none-embed/lib/rv32imac/ilp32\libg_nano.a(lib_a-fwalk.o)
                              d:/mounriver/mounriver_studio/toolchain/risc-v embedded gcc/bin/../lib/gcc/riscv-none-embed/8.2.0/../../../../riscv-none-embed/lib/rv32imac/ilp32\libg_nano.a(lib_a-findfp.o) (_fwalk)
d:/mounriver/mounriver_studio/toolchain/risc-v embedded gcc/bin/../lib/gcc/riscv-none-embed/8.2.0/../../../../riscv-none-embed/lib/rv32imac/ilp32\libg_nano.a(lib_a-impure.o)
                              d:/mounriver/mounriver_studio/toolchain/risc-v embedded gcc/bin/../lib/gcc/riscv-none-embed/8.2.0/../../../../riscv-none-embed/lib/rv32imac/ilp32\libg_nano.a(lib_a-findfp.o) (_global_impure_ptr)
d:/mounriver/mounriver_studio/toolchain/risc-v embedded gcc/bin/../lib/gcc/riscv-none-embed/8.2.0/../../../../riscv-none-embed/lib/rv32imac/ilp32\libg_nano.a(lib_a-memset.o)
                              d:/mounriver/mounriver_studio/toolchain/risc-v embedded gcc/bin/../lib/gcc/riscv-none-embed/8.2.0/../../../../riscv-none-embed/lib/rv32imac/ilp32\libg_nano.a(lib_a-findfp.o) (memset)
d:/mounriver/mounriver_studio/toolchain/risc-v embedded gcc/bin/../lib/gcc/riscv-none-embed/8.2.0/../../../../riscv-none-embed/lib/rv32imac/ilp32\libg_nano.a(lib_a-nano-mallocr.o)
                              d:/mounriver/mounriver_studio/toolchain/risc-v embedded gcc/bin/../lib/gcc/riscv-none-embed/8.2.0/../../../../riscv-none-embed/lib/rv32imac/ilp32\libg_nano.a(lib_a-findfp.o) (_malloc_r)
[...]
Memory Configuration

Name             Origin             Length             Attributes
FLASH            0x0000000000000000 0x0000000000048000 xr
RAM              0x0000000020000000 0x0000000000008000 xrw
*default*        0x0000000000000000 0xffffffffffffffff

Linker script and memory map

LOAD ./User/System/USART.o
LOAD ./User/Hardware/IIC_OLED/IIC_OLED.o
LOAD ./User/Hardware/KEY.o
LOAD ./User/Hardware/LED.o
LOAD ./User/Hardware/MotorControl.o
LOAD ./User/ch32v30x_it.o
LOAD ./User/main.o
LOAD ./User/system_ch32v30x.o
LOAD ./Startup/startup_ch32v30x_D8C.o
LOAD ./Peripheral/src/ch32v30x_adc.o
LOAD ./Peripheral/src/ch32v30x_bkp.o
LOAD ./Peripheral/src/ch32v30x_can.o
LOAD ./Peripheral/src/ch32v30x_crc.o
LOAD ./Peripheral/src/ch32v30x_dac.o
LOAD ./Peripheral/src/ch32v30x_dbgmcu.o
LOAD ./Peripheral/src/ch32v30x_dma.o
LOAD ./Peripheral/src/ch32v30x_dvp.o
LOAD ./Peripheral/src/ch32v30x_eth.o
LOAD ./Peripheral/src/ch32v30x_exti.o
LOAD ./Peripheral/src/ch32v30x_flash.o
LOAD ./Peripheral/src/ch32v30x_fsmc.o
LOAD ./Peripheral/src/ch32v30x_gpio.o
LOAD ./Peripheral/src/ch32v30x_i2c.o
LOAD ./Peripheral/src/ch32v30x_iwdg.o
LOAD ./Peripheral/src/ch32v30x_misc.o
LOAD ./Peripheral/src/ch32v30x_opa.o
LOAD ./Peripheral/src/ch32v30x_pwr.o
LOAD ./Peripheral/src/ch32v30x_rcc.o
LOAD ./Peripheral/src/ch32v30x_rng.o
LOAD ./Peripheral/src/ch32v30x_rtc.o
LOAD ./Peripheral/src/ch32v30x_sdio.o
LOAD ./Peripheral/src/ch32v30x_spi.o
LOAD ./Peripheral/src/ch32v30x_tim.o
LOAD ./Peripheral/src/ch32v30x_usart.o
LOAD ./Peripheral/src/ch32v30x_wwdg.o
LOAD ./Debug/debug.o
LOAD ./Core/core_riscv.o
LOAD d:/mounriver/mounriver_studio/toolchain/risc-v embedded gcc/bin/../lib/gcc/riscv-none-embed/8.2.0/rv32imac/ilp32\libgcc.a
LOAD d:/mounriver/mounriver_studio/toolchain/risc-v embedded gcc/bin/../lib/gcc/riscv-none-embed/8.2.0/../../../../riscv-none-embed/lib/rv32imac/ilp32\libg_nano.a
LOAD d:/mounriver/mounriver_studio/toolchain/risc-v embedded gcc/bin/../lib/gcc/riscv-none-embed/8.2.0/../../../../riscv-none-embed/lib/rv32imac/ilp32\libc_nano.a
LOAD d:/mounriver/mounriver_studio/toolchain/risc-v embedded gcc/bin/../lib/gcc/riscv-none-embed/8.2.0/rv32imac/ilp32\libgcc.a
START GROUP
LOAD d:/mounriver/mounriver_studio/toolchain/risc-v embedded gcc/bin/../lib/gcc/riscv-none-embed/8.2.0/rv32imac/ilp32\libgcc.a
LOAD d:/mounriver/mounriver_studio/toolchain/risc-v embedded gcc/bin/../lib/gcc/riscv-none-embed/8.2.0/../../../../riscv-none-embed/lib/rv32imac/ilp32\libc_nano.a
LOAD d:/mounriver/mounriver_studio/toolchain/risc-v embedded gcc/bin/../lib/gcc/riscv-none-embed/8.2.0/../../../../riscv-none-embed/lib/rv32imac/ilp32\libnosys.a
END GROUP
START GROUP
LOAD d:/mounriver/mounriver_studio/toolchain/risc-v embedded gcc/bin/../lib/gcc/riscv-none-embed/8.2.0/rv32imac/ilp32\libgcc.a
LOAD d:/mounriver/mounriver_studio/toolchain/risc-v embedded gcc/bin/../lib/gcc/riscv-none-embed/8.2.0/../../../../riscv-none-embed/lib/rv32imac/ilp32\libc_nano.a
LOAD d:/mounriver/mounriver_studio/toolchain/risc-v embedded gcc/bin/../lib/gcc/riscv-none-embed/8.2.0/../../../../riscv-none-embed/lib/rv32imac/ilp32\libnosys.a
END GROUP
                0x0000000000000800                __stack_size = 0x800
                [!provide]                        PROVIDE (_stack_size = __stack_size)

.init           0x0000000000000000       0x38
                0x0000000000000000                _sinit = .
                0x0000000000000000                . = ALIGN (0x4)
 *(SORT_NONE(.init))
 .init          0x0000000000000000       0x38 ./Startup/startup_ch32v30x_D8C.o
                0x0000000000000000                _start
                0x0000000000000038                . = ALIGN (0x4)
                0x0000000000000038                _einit = .

.vector         0x0000000000000038      0x1c8
 *(.vector)
 .vector        0x0000000000000038      0x1a0 ./Startup/startup_ch32v30x_D8C.o
                0x0000000000000200                . = ALIGN (0x40)
 *fill*         0x00000000000001d8       0x28 

.text           0x0000000000000200     0x3544
                0x0000000000000200                . = ALIGN (0x4)
 *(.text)
 *(.text.*)
 .text.USART1_Configuration
                0x0000000000000200       0xa6 ./User/System/USART.o
                0x0000000000000200                USART1_Configuration
 .text.USART2_Configuration
                0x00000000000002a6       0xaa ./User/System/USART.o
                0x00000000000002a6                USART2_Configuration
 .text.USART3_Configuration
                0x0000000000000350       0xb0 ./User/System/USART.o
                0x0000000000000350                USART3_Configuration
 .text.USART4_Configuration
                0x0000000000000400       0xa8 ./User/System/USART.o
                0x0000000000000400                USART4_Configuration
 .text.USART5_Configuration
                0x00000000000004a8       0xb0 ./User/System/USART.o
                0x00000000000004a8                USART5_Configuration
 .text.USART6_Configuration
                0x0000000000000558       0xa2 ./User/System/USART.o
                0x0000000000000558                USART6_Configuration
 .text.USART7_Configuration
                0x00000000000005fa       0xa2 ./User/System/USART.o
                0x00000000000005fa                USART7_Configuration
 .text.USART8_Configuration
                0x000000000000069c       0xa0 ./User/System/USART.o
                0x000000000000069c                USART8_Configuration
 .text.USARTx_SendByte
                0x000000000000073c       0x20 ./User/System/USART.o
                0x000000000000073c                USARTx_SendByte
 .text.OLED12864_IoInit
                0x000000000000075c       0x5a ./User/Hardware/IIC_OLED/IIC_OLED.o
                0x000000000000075c                OLED12864_IoInit
 .text.OLED_SDA_OUT
                0x00000000000007b6       0x28 ./User/Hardware/IIC_OLED/IIC_OLED.o
                0x00000000000007b6                OLED_SDA_OUT
 .text.OLED_IIC_Start
                0x00000000000007de       0x40 ./User/Hardware/IIC_OLED/IIC_OLED.o
                0x00000000000007de                OLED_IIC_Start
 .text.OLED_IIC_Stop
                0x000000000000081e       0x34 ./User/Hardware/IIC_OLED/IIC_OLED.o
                0x000000000000081e                OLED_IIC_Stop
 .text.OLED_IIC_Ack
                0x0000000000000852       0x28 ./User/Hardware/IIC_OLED/IIC_OLED.o
                0x0000000000000852                OLED_IIC_Ack
 .text.OLED12864_SendByte
                0x000000000000087a       0x66 ./User/Hardware/IIC_OLED/IIC_OLED.o
                0x000000000000087a                OLED12864_SendByte
 .text.OLED12864_SendCom
                0x00000000000008e0       0x26 ./User/Hardware/IIC_OLED/IIC_OLED.o
                0x00000000000008e0                OLED12864_SendCom
 .text.OLED12864_SendData
                0x0000000000000906       0x28 ./User/Hardware/IIC_OLED/IIC_OLED.o
                0x0000000000000906                OLED12864_SendData
 .text.Location
                0x000000000000092e       0x26 ./User/Hardware/IIC_OLED/IIC_OLED.o
                0x000000000000092e                Location
 .text.OLED12864_Location
                0x0000000000000954       0x24 ./User/Hardware/IIC_OLED/IIC_OLED.o
                0x0000000000000954                OLED12864_Location
 .text.RefreshAll
                0x0000000000000978       0x58 ./User/Hardware/IIC_OLED/IIC_OLED.o
                0x0000000000000978                RefreshAll
 .text.Refresh  0x00000000000009d0       0x78 ./User/Hardware/IIC_OLED/IIC_OLED.o
                0x00000000000009d0                Refresh
 .text.ClearPointofBuf
                0x0000000000000a48       0x40 ./User/Hardware/IIC_OLED/IIC_OLED.o
                0x0000000000000a48                ClearPointofBuf
 .text.WriteBytetoBuf
                0x0000000000000a88       0x84 ./User/Hardware/IIC_OLED/IIC_OLED.o
                0x0000000000000a88                WriteBytetoBuf
 .text.ClearAllBuf
                0x0000000000000b0c       0x26 ./User/Hardware/IIC_OLED/IIC_OLED.o
                0x0000000000000b0c                ClearAllBuf
 .text.OLED12864_Clean
                0x0000000000000b32        0xc ./User/Hardware/IIC_OLED/IIC_OLED.o
                0x0000000000000b32                OLED12864_Clean
 .text.OLED12864_Init
                0x0000000000000b3e       0xba ./User/Hardware/IIC_OLED/IIC_OLED.o
                0x0000000000000b3e                OLED12864_Init
 .text.ClearBuf
                0x0000000000000bf8       0x4e ./User/Hardware/IIC_OLED/IIC_OLED.o
                0x0000000000000bf8                ClearBuf
 .text.WriteChartoBuf
                0x0000000000000c46       0x32 ./User/Hardware/IIC_OLED/IIC_OLED.o
                0x0000000000000c46                WriteChartoBuf
 .text.WriteRevChartoBuf
                0x0000000000000c78       0x3a ./User/Hardware/IIC_OLED/IIC_OLED.o
                0x0000000000000c78                WriteRevChartoBuf
 .text.WriteStrtoBuf
                0x0000000000000cb2       0x2e ./User/Hardware/IIC_OLED/IIC_OLED.o
                0x0000000000000cb2                WriteStrtoBuf
 .text.WriteRevStrtoBuf
                0x0000000000000ce0       0x2e ./User/Hardware/IIC_OLED/IIC_OLED.o
                0x0000000000000ce0                WriteRevStrtoBuf
 .text.OLED12864_DisStr
                0x0000000000000d0e       0x62 ./User/Hardware/IIC_OLED/IIC_OLED.o
                0x0000000000000d0e                OLED12864_DisStr
 .text.OLED12864_Format1
                0x0000000000000d70       0x48 ./User/Hardware/IIC_OLED/IIC_OLED.o
                0x0000000000000d70                OLED12864_Format1
 .text.OLED12864_Format3
                0x0000000000000db8       0x48 ./User/Hardware/IIC_OLED/IIC_OLED.o
                0x0000000000000db8                OLED12864_Format3
 .text.OLED12864_Format4
                0x0000000000000e00       0x48 ./User/Hardware/IIC_OLED/IIC_OLED.o
                0x0000000000000e00                OLED12864_Format4
 .text.OLED12864_Format6
                0x0000000000000e48       0x48 ./User/Hardware/IIC_OLED/IIC_OLED.o
                0x0000000000000e48                OLED12864_Format6
 .text.Key_Init
                0x0000000000000e90       0x82 ./User/Hardware/KEY.o
                0x0000000000000e90                Key_Init
 .text.LED1_OFF
                0x0000000000000f12        0xe ./User/Hardware/LED.o
                0x0000000000000f12                LED1_OFF
 .text.LED2_OFF
                0x0000000000000f20       0x10 ./User/Hardware/LED.o
                0x0000000000000f20                LED2_OFF
 .text.LEDInit  0x0000000000000f30       0x62 ./User/Hardware/LED.o
                0x0000000000000f30                LEDInit
 .text.LED1Reverse
                0x0000000000000f92       0x34 ./User/Hardware/LED.o
                0x0000000000000f92                LED1Reverse
 .text.MotorSpeedINIT
                0x0000000000000fc6       0xd0 ./User/Hardware/MotorControl.o
                0x0000000000000fc6                MotorSpeedINIT
 .text.MotorCurrentGet
                0x0000000000001096       0x9c ./User/Hardware/MotorControl.o
                0x0000000000001096                MotorCurrentGet
 .text.MotorTempGet
                0x0000000000001132       0x9c ./User/Hardware/MotorControl.o
                0x0000000000001132                MotorTempGet
 .text.MotorPowerGet
                0x00000000000011ce       0x9c ./User/Hardware/MotorControl.o
                0x00000000000011ce                MotorPowerGet
 .text.NVIC_Configuration
                0x000000000000126a      0x1cc ./User/ch32v30x_it.o
                0x000000000000126a                NVIC_Configuration
 .text.USART1_IRQHandler
                0x0000000000001436       0x36 ./User/ch32v30x_it.o
                0x0000000000001436                USART1_IRQHandler
 .text.USART2_IRQHandler
                0x000000000000146c      0x112 ./User/ch32v30x_it.o
                0x000000000000146c                USART2_IRQHandler
 .text.USART3_IRQHandler
                0x000000000000157e       0x36 ./User/ch32v30x_it.o
                0x000000000000157e                USART3_IRQHandler
 .text.UART4_IRQHandler
                0x00000000000015b4      0x112 ./User/ch32v30x_it.o
                0x00000000000015b4                UART4_IRQHandler
 .text.UART5_IRQHandler
                0x00000000000016c6      0x106 ./User/ch32v30x_it.o
                0x00000000000016c6                UART5_IRQHandler
 .text.UART6_IRQHandler
                0x00000000000017cc       0x72 ./User/ch32v30x_it.o
                0x00000000000017cc                UART6_IRQHandler
 .text.UART7_IRQHandler
                0x000000000000183e       0x36 ./User/ch32v30x_it.o
                0x000000000000183e                UART7_IRQHandler
 .text.UART8_IRQHandler
                0x0000000000001874      0x106 ./User/ch32v30x_it.o
                0x0000000000001874                UART8_IRQHandler
 .text.NMI_Handler
                0x000000000000197a        0x4 ./User/ch32v30x_it.o
                0x000000000000197a                NMI_Handler
 .text.HardFault_Handler
                0x000000000000197e        0x2 ./User/ch32v30x_it.o
                0x000000000000197e                HardFault_Handler
 .text.System_Init
                0x0000000000001980       0x3c ./User/main.o
                0x0000000000001980                System_Init
 .text.startup.main
                0x00000000000019bc      0x36c ./User/main.o
                0x00000000000019bc                main
 .text.SystemInit
                0x0000000000001d28       0xcc ./User/system_ch32v30x.o
                0x0000000000001d28                SystemInit
 .text.vector_handler
                0x0000000000001df4       0xbe ./Startup/startup_ch32v30x_D8C.o
                0x0000000000001df8                Ecall_M_Mode_Handler
                0x0000000000001dfa                Ecall_U_Mode_Handler
                0x0000000000001dfc                Break_Point_Handler
                0x0000000000001dfe                SysTick_Handler
                0x0000000000001e00                SW_Handler
                0x0000000000001e02                WWDG_IRQHandler
                0x0000000000001e04                PVD_IRQHandler
                0x0000000000001e06                TAMPER_IRQHandler
                0x0000000000001e08                RTC_IRQHandler
                0x0000000000001e0a                FLASH_IRQHandler
                0x0000000000001e0c                RCC_IRQHandler
                0x0000000000001e0e                EXTI0_IRQHandler
                0x0000000000001e10                EXTI1_IRQHandler
                0x0000000000001e12                EXTI2_IRQHandler
                0x0000000000001e14                EXTI3_IRQHandler
                0x0000000000001e16                EXTI4_IRQHandler
                0x0000000000001e18                DMA1_Channel1_IRQHandler
                0x0000000000001e1a                DMA1_Channel2_IRQHandler
                0x0000000000001e1c                DMA1_Channel3_IRQHandler
                0x0000000000001e1e                DMA1_Channel4_IRQHandler
                0x0000000000001e20                DMA1_Channel5_IRQHandler
                0x0000000000001e22                DMA1_Channel6_IRQHandler
                0x0000000000001e24                DMA1_Channel7_IRQHandler
                0x0000000000001e26                ADC1_2_IRQHandler
                0x0000000000001e28                USB_HP_CAN1_TX_IRQHandler
                0x0000000000001e2a                USB_LP_CAN1_RX0_IRQHandler
                0x0000000000001e2c                CAN1_RX1_IRQHandler
                0x0000000000001e2e                CAN1_SCE_IRQHandler
                0x0000000000001e30                EXTI9_5_IRQHandler
                0x0000000000001e32                TIM1_BRK_IRQHandler
                0x0000000000001e34                TIM1_UP_IRQHandler
                0x0000000000001e36                TIM1_TRG_COM_IRQHandler
                0x0000000000001e38                TIM1_CC_IRQHandler
                0x0000000000001e3a                TIM2_IRQHandler
                0x0000000000001e3c                TIM3_IRQHandler
                0x0000000000001e3e                TIM4_IRQHandler
                0x0000000000001e40                I2C1_EV_IRQHandler
                0x0000000000001e42                I2C1_ER_IRQHandler
                0x0000000000001e44                I2C2_EV_IRQHandler
                0x0000000000001e46                I2C2_ER_IRQHandler
                0x0000000000001e48                SPI1_IRQHandler
                0x0000000000001e4a                SPI2_IRQHandler
                0x0000000000001e52                EXTI15_10_IRQHandler
                0x0000000000001e54                RTCAlarm_IRQHandler
                0x0000000000001e56                USBWakeUp_IRQHandler
                0x0000000000001e58                TIM8_BRK_IRQHandler
                0x0000000000001e5a                TIM8_UP_IRQHandler
                0x0000000000001e5c                TIM8_TRG_COM_IRQHandler
                0x0000000000001e5e                TIM8_CC_IRQHandler
                0x0000000000001e60                RNG_IRQHandler
                0x0000000000001e62                FSMC_IRQHandler
                0x0000000000001e64                SDIO_IRQHandler
                0x0000000000001e66                TIM5_IRQHandler
                0x0000000000001e68                SPI3_IRQHandler
                0x0000000000001e6e                TIM6_IRQHandler
                0x0000000000001e70                TIM7_IRQHandler
                0x0000000000001e72                DMA2_Channel1_IRQHandler
                0x0000000000001e74                DMA2_Channel2_IRQHandler
                0x0000000000001e76                DMA2_Channel3_IRQHandler
                0x0000000000001e78                DMA2_Channel4_IRQHandler
                0x0000000000001e7a                DMA2_Channel5_IRQHandler
                0x0000000000001e7c                ETH_IRQHandler
                0x0000000000001e7e                ETH_WKUP_IRQHandler
                0x0000000000001e80                CAN2_TX_IRQHandler
                0x0000000000001e82                CAN2_RX0_IRQHandler
                0x0000000000001e84                CAN2_RX1_IRQHandler
                0x0000000000001e86                CAN2_SCE_IRQHandler
                0x0000000000001e88                OTG_FS_IRQHandler
                0x0000000000001e8a                USBHSWakeup_IRQHandler
                0x0000000000001e8c                USBHS_IRQHandler
                0x0000000000001e8e                DVP_IRQHandler
                0x0000000000001e96                TIM9_BRK_IRQHandler
                0x0000000000001e98                TIM9_UP_IRQHandler
                0x0000000000001e9a                TIM9_TRG_COM_IRQHandler
                0x0000000000001e9c                TIM9_CC_IRQHandler
                0x0000000000001e9e                TIM10_BRK_IRQHandler
                0x0000000000001ea0                TIM10_UP_IRQHandler
                0x0000000000001ea2                TIM10_TRG_COM_IRQHandler
                0x0000000000001ea4                TIM10_CC_IRQHandler
                0x0000000000001ea6                DMA2_Channel6_IRQHandler
                0x0000000000001ea8                DMA2_Channel7_IRQHandler
                0x0000000000001eaa                DMA2_Channel8_IRQHandler
                0x0000000000001eac                DMA2_Channel9_IRQHandler
                0x0000000000001eae                DMA2_Channel10_IRQHandler
                0x0000000000001eb0                DMA2_Channel11_IRQHandler
 .text.handle_reset
                0x0000000000001eb2       0x8a ./Startup/startup_ch32v30x_D8C.o
                0x0000000000001eb2                handle_reset
 .text.GPIO_Init
                0x0000000000001f3c       0xc2 ./Peripheral/src/ch32v30x_gpio.o
                0x0000000000001f3c                GPIO_Init
 .text.GPIO_ReadOutputDataBit
                0x0000000000001ffe        0xa ./Peripheral/src/ch32v30x_gpio.o
                0x0000000000001ffe                GPIO_ReadOutputDataBit
 .text.GPIO_SetBits
                0x0000000000002008        0x4 ./Peripheral/src/ch32v30x_gpio.o
                0x0000000000002008                GPIO_SetBits
 .text.GPIO_ResetBits
                0x000000000000200c        0x4 ./Peripheral/src/ch32v30x_gpio.o
                0x000000000000200c                GPIO_ResetBits
 .text.NVIC_PriorityGroupConfig
                0x0000000000002010        0x6 ./Peripheral/src/ch32v30x_misc.o
                0x0000000000002010                NVIC_PriorityGroupConfig
 .text.NVIC_Init
                0x0000000000002016       0xb8 ./Peripheral/src/ch32v30x_misc.o
                0x0000000000002016                NVIC_Init
 .text.RCC_GetClocksFreq
                0x00000000000020ce      0x10e ./Peripheral/src/ch32v30x_rcc.o
                0x00000000000020ce                RCC_GetClocksFreq
 .text.RCC_APB2PeriphClockCmd
                0x00000000000021dc       0x1e ./Peripheral/src/ch32v30x_rcc.o
                0x00000000000021dc                RCC_APB2PeriphClockCmd
 .text.RCC_APB1PeriphClockCmd
                0x00000000000021fa       0x1e ./Peripheral/src/ch32v30x_rcc.o
                0x00000000000021fa                RCC_APB1PeriphClockCmd
 .text.USART_Init
                0x0000000000002218       0xda ./Peripheral/src/ch32v30x_usart.o
                0x0000000000002218                USART_Init
 .text.USART_Cmd
                0x00000000000022f2       0x1c ./Peripheral/src/ch32v30x_usart.o
                0x00000000000022f2                USART_Cmd
 .text.USART_ITConfig
                0x000000000000230e       0x36 ./Peripheral/src/ch32v30x_usart.o
                0x000000000000230e                USART_ITConfig
 .text.USART_SendData
                0x0000000000002344        0xa ./Peripheral/src/ch32v30x_usart.o
                0x0000000000002344                USART_SendData
 .text.USART_ReceiveData
                0x000000000000234e        0xa ./Peripheral/src/ch32v30x_usart.o
                0x000000000000234e                USART_ReceiveData
 .text.USART_GetFlagStatus
                0x0000000000002358        0xc ./Peripheral/src/ch32v30x_usart.o
                0x0000000000002358                USART_GetFlagStatus
 .text.USART_ClearFlag
                0x0000000000002364        0xe ./Peripheral/src/ch32v30x_usart.o
                0x0000000000002364                USART_ClearFlag
 .text.USART_GetITStatus
                0x0000000000002372       0x44 ./Peripheral/src/ch32v30x_usart.o
                0x0000000000002372                USART_GetITStatus
 .text.USART_ClearITPendingBit
                0x00000000000023b6       0x16 ./Peripheral/src/ch32v30x_usart.o
                0x00000000000023b6                USART_ClearITPendingBit
 .text.Delay_Init
                0x00000000000023cc       0x26 ./Debug/debug.o
                0x00000000000023cc                Delay_Init
 .text.Delayxms
                0x00000000000023f2       0x2e ./Debug/debug.o
                0x00000000000023f2                Delayxms
 .text._sbrk    0x0000000000002420       0x26 ./Debug/debug.o
                0x0000000000002420                _sbrk
 .text.__mulsf3
                0x0000000000002446      0x290 d:/mounriver/mounriver_studio/toolchain/risc-v embedded gcc/bin/../lib/gcc/riscv-none-embed/8.2.0/rv32imac/ilp32\libgcc.a(mulsf3.o)
                0x0000000000002446                __mulsf3
 .text.__fixunssfsi
                0x00000000000026d6       0x56 d:/mounriver/mounriver_studio/toolchain/risc-v embedded gcc/bin/../lib/gcc/riscv-none-embed/8.2.0/rv32imac/ilp32\libgcc.a(fixunssfsi.o)
                0x00000000000026d6                __fixunssfsi
 .text.__floatunsisf
                0x000000000000272c       0xce d:/mounriver/mounriver_studio/toolchain/risc-v embedded gcc/bin/../lib/gcc/riscv-none-embed/8.2.0/rv32imac/ilp32\libgcc.a(floatunsisf.o)
                0x000000000000272c                __floatunsisf
 .text.__clzsi2
                0x00000000000027fa       0x76 d:/mounriver/mounriver_studio/toolchain/risc-v embedded gcc/bin/../lib/gcc/riscv-none-embed/8.2.0/rv32imac/ilp32\libgcc.a(_clzsi2.o)
                0x00000000000027fa                __clzsi2
 .text.sprintf  0x0000000000002870       0x44 d:/mounriver/mounriver_studio/toolchain/risc-v embedded gcc/bin/../lib/gcc/riscv-none-embed/8.2.0/../../../../riscv-none-embed/lib/rv32imac/ilp32\libg_nano.a(lib_a-sprintf.o)
                0x0000000000002870                siprintf
                0x0000000000002870                sprintf
 .text._malloc_r
                0x00000000000028b4       0xd8 d:/mounriver/mounriver_studio/toolchain/risc-v embedded gcc/bin/../lib/gcc/riscv-none-embed/8.2.0/../../../../riscv-none-embed/lib/rv32imac/ilp32\libg_nano.a(lib_a-nano-mallocr.o)
                0x00000000000028b4                _malloc_r
 .text.__ssputs_r
                0x000000000000298c       0xe8 d:/mounriver/mounriver_studio/toolchain/risc-v embedded gcc/bin/../lib/gcc/riscv-none-embed/8.2.0/../../../../riscv-none-embed/lib/rv32imac/ilp32\libg_nano.a(lib_a-nano-svfprintf.o)
                0x000000000000298c                __ssputs_r
 .text._svfprintf_r
                0x0000000000002a74      0x27a d:/mounriver/mounriver_studio/toolchain/risc-v embedded gcc/bin/../lib/gcc/riscv-none-embed/8.2.0/../../../../riscv-none-embed/lib/rv32imac/ilp32\libg_nano.a(lib_a-nano-svfprintf.o)
                0x0000000000002a74                _svfiprintf_r
                0x0000000000002a74                _svfprintf_r
 .text._printf_common
                0x0000000000002cee      0x10c d:/mounriver/mounriver_studio/toolchain/risc-v embedded gcc/bin/../lib/gcc/riscv-none-embed/8.2.0/../../../../riscv-none-embed/lib/rv32imac/ilp32\libg_nano.a(lib_a-nano-vfprintf_i.o)
                0x0000000000002cee                _printf_common
 .text._printf_i
                0x0000000000002dfa      0x2aa d:/mounriver/mounriver_studio/toolchain/risc-v embedded gcc/bin/../lib/gcc/riscv-none-embed/8.2.0/../../../../riscv-none-embed/lib/rv32imac/ilp32\libg_nano.a(lib_a-nano-vfprintf_i.o)
                0x0000000000002dfa                _printf_i
 .text._sbrk_r  0x00000000000030a4       0x2a d:/mounriver/mounriver_studio/toolchain/risc-v embedded gcc/bin/../lib/gcc/riscv-none-embed/8.2.0/../../../../riscv-none-embed/lib/rv32imac/ilp32\libg_nano.a(lib_a-sbrkr.o)
                0x00000000000030a4                _sbrk_r
 .text.memchr   0x00000000000030ce       0x1a d:/mounriver/mounriver_studio/toolchain/risc-v embedded gcc/bin/../lib/gcc/riscv-none-embed/8.2.0/../../../../riscv-none-embed/lib/rv32imac/ilp32\libg_nano.a(lib_a-memchr.o)
                0x00000000000030ce                memchr
 .text.memcpy   0x00000000000030e8       0xb6 d:/mounriver/mounriver_studio/toolchain/risc-v embedded gcc/bin/../lib/gcc/riscv-none-embed/8.2.0/../../../../riscv-none-embed/lib/rv32imac/ilp32\libg_nano.a(lib_a-memcpy.o)
                0x00000000000030e8                memcpy
 .text.memmove  0x000000000000319e       0x4a d:/mounriver/mounriver_studio/toolchain/risc-v embedded gcc/bin/../lib/gcc/riscv-none-embed/8.2.0/../../../../riscv-none-embed/lib/rv32imac/ilp32\libg_nano.a(lib_a-memmove.o)
                0x000000000000319e                memmove
 .text.__malloc_lock
                0x00000000000031e8        0x2 d:/mounriver/mounriver_studio/toolchain/risc-v embedded gcc/bin/../lib/gcc/riscv-none-embed/8.2.0/../../../../riscv-none-embed/lib/rv32imac/ilp32\libg_nano.a(lib_a-mlock.o)
                0x00000000000031e8                __malloc_lock
 .text.__malloc_unlock
                0x00000000000031ea        0x2 d:/mounriver/mounriver_studio/toolchain/risc-v embedded gcc/bin/../lib/gcc/riscv-none-embed/8.2.0/../../../../riscv-none-embed/lib/rv32imac/ilp32\libg_nano.a(lib_a-mlock.o)
                0x00000000000031ea                __malloc_unlock
 .text._free_r  0x00000000000031ec       0xa8 d:/mounriver/mounriver_studio/toolchain/risc-v embedded gcc/bin/../lib/gcc/riscv-none-embed/8.2.0/../../../../riscv-none-embed/lib/rv32imac/ilp32\libg_nano.a(lib_a-nano-freer.o)
                0x00000000000031ec                _free_r
 .text._realloc_r
                0x0000000000003294       0x58 d:/mounriver/mounriver_studio/toolchain/risc-v embedded gcc/bin/../lib/gcc/riscv-none-embed/8.2.0/../../../../riscv-none-embed/lib/rv32imac/ilp32\libg_nano.a(lib_a-nano-reallocr.o)
                0x0000000000003294                _realloc_r
 .text._malloc_usable_size_r
                0x00000000000032ec       0x14 d:/mounriver/mounriver_studio/toolchain/risc-v embedded gcc/bin/../lib/gcc/riscv-none-embed/8.2.0/../../../../riscv-none-embed/lib/rv32imac/ilp32\libg_nano.a(lib_a-nano-msizer.o)
                0x00000000000032ec                _malloc_usable_size_r
 *(.rodata)
 *(.rodata*)
 .rodata.Font6x8
                0x0000000000003300      0x222 ./User/Hardware/IIC_OLED/IIC_OLED.o
                0x0000000000003300                Font6x8
 *fill*         0x0000000000003522        0x2 
 .rodata.OLED12864_Format1.str1.4
                0x0000000000003524        0x5 ./User/Hardware/IIC_OLED/IIC_OLED.o
 *fill*         0x0000000000003529        0x3 
 .rodata.OLED12864_Format3.str1.4
                0x000000000000352c        0x5 ./User/Hardware/IIC_OLED/IIC_OLED.o
 *fill*         0x0000000000003531        0x3 
 .rodata.OLED12864_Format4.str1.4
                0x0000000000003534        0x7 ./User/Hardware/IIC_OLED/IIC_OLED.o
 *fill*         0x000000000000353b        0x1 
 .rodata.OLED12864_Format6.str1.4
                0x000000000000353c        0x5 ./User/Hardware/IIC_OLED/IIC_OLED.o
 *fill*         0x0000000000003541        0x3 
 .rodata.main.cst4
                0x0000000000003544        0x8 ./User/main.o
 .rodata.main.str1.4
                0x000000000000354c       0x1c ./User/main.o
 .rodata.__mulsf3
                0x0000000000003568       0x40 d:/mounriver/mounriver_studio/toolchain/risc-v embedded gcc/bin/../lib/gcc/riscv-none-embed/8.2.0/rv32imac/ilp32\libgcc.a(mulsf3.o)
 .rodata.__clz_tab
                0x00000000000035a8      0x100 d:/mounriver/mounriver_studio/toolchain/risc-v embedded gcc/bin/../lib/gcc/riscv-none-embed/8.2.0/rv32imac/ilp32\libgcc.a(_clz.o)
                0x00000000000035a8                __clz_tab
 .rodata.__sf_fake_stderr
                0x00000000000036a8       0x20 d:/mounriver/mounriver_studio/toolchain/risc-v embedded gcc/bin/../lib/gcc/riscv-none-embed/8.2.0/../../../../riscv-none-embed/lib/rv32imac/ilp32\libg_nano.a(lib_a-findfp.o)
                0x00000000000036a8                __sf_fake_stderr
 .rodata.__sf_fake_stdin
                0x00000000000036c8       0x20 d:/mounriver/mounriver_studio/toolchain/risc-v embedded gcc/bin/../lib/gcc/riscv-none-embed/8.2.0/../../../../riscv-none-embed/lib/rv32imac/ilp32\libg_nano.a(lib_a-findfp.o)
                0x00000000000036c8                __sf_fake_stdin
 .rodata.__sf_fake_stdout
                0x00000000000036e8       0x20 d:/mounriver/mounriver_studio/toolchain/risc-v embedded gcc/bin/../lib/gcc/riscv-none-embed/8.2.0/../../../../riscv-none-embed/lib/rv32imac/ilp32\libg_nano.a(lib_a-findfp.o)
                0x00000000000036e8                __sf_fake_stdout
 .rodata._svfprintf_r.str1.4
                0x0000000000003708       0x13 d:/mounriver/mounriver_studio/toolchain/risc-v embedded gcc/bin/../lib/gcc/riscv-none-embed/8.2.0/../../../../riscv-none-embed/lib/rv32imac/ilp32\libg_nano.a(lib_a-nano-svfprintf.o)
 *fill*         0x000000000000371b        0x1 
 .rodata._printf_i.str1.4
                0x000000000000371c       0x28 d:/mounriver/mounriver_studio/toolchain/risc-v embedded gcc/bin/../lib/gcc/riscv-none-embed/8.2.0/../../../../riscv-none-embed/lib/rv32imac/ilp32\libg_nano.a(lib_a-nano-vfprintf_i.o)
                                         0x25 (size before relaxing)
 *(.glue_7)
 *(.glue_7t)
 *(.gnu.linkonce.t.*)
                0x0000000000003744                . = ALIGN (0x4)

.rela.dyn       0x0000000000003744        0x0
 .rela.text.OLED12864_Location
                0x0000000000003744        0x0 ./User/System/USART.o
 .rela.text.ClearPointofBuf
                0x0000000000003744        0x0 ./User/System/USART.o
 .rela.text.WriteBytetoBuf
                0x0000000000003744        0x0 ./User/System/USART.o
 .rela.text.OLED12864_DisStr
                0x0000000000003744        0x0 ./User/System/USART.o
 .rela.init     0x0000000000003744        0x0 ./User/System/USART.o
 .rela.vector   0x0000000000003744        0x0 ./User/System/USART.o
 .rela.text.handle_reset
                0x0000000000003744        0x0 ./User/System/USART.o
 .rela.text._sbrk
                0x0000000000003744        0x0 ./User/System/USART.o
 .rela.sdata.curbrk.5228
                0x0000000000003744        0x0 ./User/System/USART.o
 .rela.text._svfprintf_r
                0x0000000000003744        0x0 ./User/System/USART.o
 .rela.text._sbrk_r
                0x0000000000003744        0x0 ./User/System/USART.o

.fini           0x0000000000003744        0x0
 *(SORT_NONE(.fini))
                0x0000000000003744                . = ALIGN (0x4)
                [!provide]                        PROVIDE (_etext = .)
                [!provide]                        PROVIDE (_eitcm = .)

.preinit_array  0x0000000000003744        0x0
                [!provide]                        PROVIDE (__preinit_array_start = .)
 *(.preinit_array)
                [!provide]                        PROVIDE (__preinit_array_end = .)

.init_array     0x0000000000003744        0x0
                [!provide]                        PROVIDE (__init_array_start = .)
 *(SORT_BY_INIT_PRIORITY(.init_array.*) SORT_BY_INIT_PRIORITY(.ctors.*))
 *(.init_array EXCLUDE_FILE(*crtend?.o *crtend.o *crtbegin?.o *crtbegin.o) .ctors)
                [!provide]                        PROVIDE (__init_array_end = .)

.fini_array     0x0000000000003744        0x0
                [!provide]                        PROVIDE (__fini_array_start = .)
 *(SORT_BY_INIT_PRIORITY(.fini_array.*) SORT_BY_INIT_PRIORITY(.dtors.*))
 *(.fini_array EXCLUDE_FILE(*crtend?.o *crtend.o *crtbegin?.o *crtbegin.o) .dtors)
                [!provide]                        PROVIDE (__fini_array_end = .)

.ctors
 *crtbegin.o(.ctors)
 *crtbegin?.o(.ctors)
 *(EXCLUDE_FILE(*crtend?.o *crtend.o) .ctors)
 *(SORT_BY_NAME(.ctors.*))
 *(.ctors)

.dtors
 *crtbegin.o(.dtors)
 *crtbegin?.o(.dtors)
 *(EXCLUDE_FILE(*crtend?.o *crtend.o) .dtors)
 *(SORT_BY_NAME(.dtors.*))
 *(.dtors)

.dalign         0x0000000020000000        0x0 load address 0x0000000000003744
                0x0000000020000000                . = ALIGN (0x4)
                0x0000000020000000                PROVIDE (_data_vma = .)

.dlalign        0x0000000000003744        0x0
                0x0000000000003744                . = ALIGN (0x4)
                0x0000000000003744                PROVIDE (_data_lma = .)

.data           0x0000000020000000       0xb0 load address 0x0000000000003744
 *(.gnu.linkonce.r.*)
 *(.data .data.*)
 .data.APBAHBPrescTable
                0x0000000020000000       0x10 ./Peripheral/src/ch32v30x_rcc.o
 .data.impure_data
                0x0000000020000010       0x60 d:/mounriver/mounriver_studio/toolchain/risc-v embedded gcc/bin/../lib/gcc/riscv-none-embed/8.2.0/../../../../riscv-none-embed/lib/rv32imac/ilp32\libg_nano.a(lib_a-impure.o)
 *(.gnu.linkonce.d.*)
                0x0000000020000070                . = ALIGN (0x8)
                0x0000000020000870                PROVIDE (__global_pointer$ = (. + 0x800))
 *(.sdata .sdata.*)
 .sdata.COM_INFOR_GET
                0x0000000020000070        0x8 ./User/Hardware/MotorControl.o
                0x0000000020000070                COM_INFOR_GET
 .sdata.COM_LEFT_SPEED
                0x0000000020000078        0x8 ./User/Hardware/MotorControl.o
                0x0000000020000078                COM_LEFT_SPEED
 .sdata.COM_RIGHT_SPEED
                0x0000000020000080        0x8 ./User/Hardware/MotorControl.o
                0x0000000020000080                COM_RIGHT_SPEED
 .sdata.Motor1_Mode
                0x0000000020000088        0x1 ./User/main.o
                0x0000000020000088                Motor1_Mode
 .sdata.Motor1_Power
                0x0000000020000089        0x1 ./User/main.o
                0x0000000020000089                Motor1_Power
 .sdata.Motor1_Temp
                0x000000002000008a        0x2 ./User/main.o
                0x000000002000008a                Motor1_Temp
 .sdata.Motor2_Mode
                0x000000002000008c        0x1 ./User/main.o
                0x000000002000008c                Motor2_Mode
 .sdata.Motor2_Power
                0x000000002000008d        0x1 ./User/main.o
                0x000000002000008d                Motor2_Power
 .sdata.Motor2_Temp
                0x000000002000008e        0x2 ./User/main.o
                0x000000002000008e                Motor2_Temp
 .sdata.Motor3_Mode
                0x0000000020000090        0x1 ./User/main.o
                0x0000000020000090                Motor3_Mode
 .sdata.Motor3_Power
                0x0000000020000091        0x1 ./User/main.o
                0x0000000020000091                Motor3_Power
 .sdata.Motor3_Temp
                0x0000000020000092        0x2 ./User/main.o
                0x0000000020000092                Motor3_Temp
 .sdata.Motor4_Mode
                0x0000000020000094        0x1 ./User/main.o
                0x0000000020000094                Motor4_Mode
 .sdata.Motor4_Power
                0x0000000020000095        0x1 ./User/main.o
                0x0000000020000095                Motor4_Power
 .sdata.Motor4_Temp
                0x0000000020000096        0x2 ./User/main.o
                0x0000000020000096                Motor4_Temp
 .sdata.Xdata   0x0000000020000098        0x4 ./User/main.o
                0x0000000020000098                Xdata
 .sdata.Ydata   0x000000002000009c        0x4 ./User/main.o
                0x000000002000009c                Ydata
 .sdata.SystemCoreClock
                0x00000000200000a0        0x4 ./User/system_ch32v30x.o
                0x00000000200000a0                SystemCoreClock
 .sdata.ADCPrescTable
                0x00000000200000a4        0x4 ./Peripheral/src/ch32v30x_rcc.o
 .sdata.curbrk.5228
                0x00000000200000a8        0x4 ./Debug/debug.o
 .sdata._impure_ptr
                0x00000000200000ac        0x4 d:/mounriver/mounriver_studio/toolchain/risc-v embedded gcc/bin/../lib/gcc/riscv-none-embed/8.2.0/../../../../riscv-none-embed/lib/rv32imac/ilp32\libg_nano.a(lib_a-impure.o)
                0x00000000200000ac                _impure_ptr
 *(.sdata2.*)
 *(.gnu.linkonce.s.*)
                0x00000000200000b0                . = ALIGN (0x8)
 *(.srodata.cst16)
 *(.srodata.cst8)
 *(.srodata.cst4)
 *(.srodata.cst2)
 *(.srodata .srodata.*)
                0x00000000200000b0                . = ALIGN (0x4)
                0x00000000200000b0                PROVIDE (_edata = .)

.bss            0x00000000200000b0      0x464 load address 0x00000000000037f4
                0x00000000200000b0                . = ALIGN (0x4)
                0x00000000200000b0                PROVIDE (_sbss = .)
 *(.sbss*)
 .sbss.DataTest
                0x00000000200000b0        0x4 ./User/ch32v30x_it.o
                0x00000000200000b0                DataTest
 .sbss.Get_Motor1_Data
                0x00000000200000b4        0x2 ./User/ch32v30x_it.o
                0x00000000200000b4                Get_Motor1_Data
 .sbss.Get_Motor2_Data
                0x00000000200000b6        0x2 ./User/ch32v30x_it.o
                0x00000000200000b6                Get_Motor2_Data
 .sbss.Get_Motor3_Data
                0x00000000200000b8        0x2 ./User/ch32v30x_it.o
                0x00000000200000b8                Get_Motor3_Data
 .sbss.Get_Motor4_Data
                0x00000000200000ba        0x2 ./User/ch32v30x_it.o
                0x00000000200000ba                Get_Motor4_Data
 .sbss.Usart1Data
                0x00000000200000bc        0x1 ./User/ch32v30x_it.o
                0x00000000200000bc                Usart1Data
 .sbss.Usart2_Index
                0x00000000200000bd        0x1 ./User/ch32v30x_it.o
                0x00000000200000bd                Usart2_Index
 .sbss.Usart2_Status
                0x00000000200000be        0x1 ./User/ch32v30x_it.o
                0x00000000200000be                Usart2_Status
 *fill*         0x00000000200000bf        0x1 
 .sbss.Usart2_buf
                0x00000000200000c0        0x4 ./User/ch32v30x_it.o
                0x00000000200000c0                Usart2_buf
 .sbss.Usart3Data
                0x00000000200000c4        0x1 ./User/ch32v30x_it.o
                0x00000000200000c4                Usart3Data
 .sbss.Usart4_Index
                0x00000000200000c5        0x1 ./User/ch32v30x_it.o
                0x00000000200000c5                Usart4_Index
 .sbss.Usart4_Status
                0x00000000200000c6        0x1 ./User/ch32v30x_it.o
                0x00000000200000c6                Usart4_Status
 *fill*         0x00000000200000c7        0x1 
 .sbss.Usart4_buf
                0x00000000200000c8        0x4 ./User/ch32v30x_it.o
                0x00000000200000c8                Usart4_buf
 .sbss.Usart5_Index
                0x00000000200000cc        0x1 ./User/ch32v30x_it.o
                0x00000000200000cc                Usart5_Index
 .sbss.Usart5_Status
                0x00000000200000cd        0x1 ./User/ch32v30x_it.o
                0x00000000200000cd                Usart5_Status
 *fill*         0x00000000200000ce        0x2 
 .sbss.Usart5_buf
                0x00000000200000d0        0x4 ./User/ch32v30x_it.o
                0x00000000200000d0                Usart5_buf
 .sbss.Usart6_Status
                0x00000000200000d4        0x1 ./User/ch32v30x_it.o
                0x00000000200000d4                Usart6_Status
 *fill*         0x00000000200000d5        0x3 
 .sbss.Usart6_buf
                0x00000000200000d8        0x6 ./User/ch32v30x_it.o
                0x00000000200000d8                Usart6_buf
 .sbss.Usart7Data
                0x00000000200000de        0x1 ./User/ch32v30x_it.o
                0x00000000200000de                Usart7Data
 .sbss.Usart8_Index
                0x00000000200000df        0x1 ./User/ch32v30x_it.o
                0x00000000200000df                Usart8_Index
 .sbss.Usart8_Status
                0x00000000200000e0        0x1 ./User/ch32v30x_it.o
                0x00000000200000e0                Usart8_Status
 *fill*         0x00000000200000e1        0x3 
 .sbss.Usart8_buf
                0x00000000200000e4        0x4 ./User/ch32v30x_it.o
                0x00000000200000e4                Usart8_buf
 .sbss.UsartData2
                0x00000000200000e8        0x1 ./User/ch32v30x_it.o
                0x00000000200000e8                UsartData2
 .sbss.UsartData4
                0x00000000200000e9        0x1 ./User/ch32v30x_it.o
                0x00000000200000e9                UsartData4
 .sbss.UsartData5
                0x00000000200000ea        0x1 ./User/ch32v30x_it.o
                0x00000000200000ea                UsartData5
 .sbss.UsartData6
                0x00000000200000eb        0x1 ./User/ch32v30x_it.o
                0x00000000200000eb                UsartData6
 .sbss.UsartData8
                0x00000000200000ec        0x1 ./User/ch32v30x_it.o
                0x00000000200000ec                UsartData8
 *fill*         0x00000000200000ed        0x1 
 .sbss.Motor1_Current
                0x00000000200000ee        0x2 ./User/main.o
                0x00000000200000ee                Motor1_Current
 .sbss.Motor2_Current
                0x00000000200000f0        0x2 ./User/main.o
                0x00000000200000f0                Motor2_Current
 .sbss.Motor3_Current
                0x00000000200000f2        0x2 ./User/main.o
                0x00000000200000f2                Motor3_Current
 .sbss.Motor4_Current
                0x00000000200000f4        0x2 ./User/main.o
                0x00000000200000f4                Motor4_Current
 *fill*         0x00000000200000f6        0x2 
 .sbss.NVIC_Priority_Group
                0x00000000200000f8        0x4 ./Peripheral/src/ch32v30x_misc.o
                0x00000000200000f8                NVIC_Priority_Group
 .sbss.p_ms     0x00000000200000fc        0x2 ./Debug/debug.o
 .sbss.p_us     0x00000000200000fe        0x1 ./Debug/debug.o
 *fill*         0x00000000200000ff        0x1 
 .sbss.__malloc_free_list
                0x0000000020000100        0x4 d:/mounriver/mounriver_studio/toolchain/risc-v embedded gcc/bin/../lib/gcc/riscv-none-embed/8.2.0/../../../../riscv-none-embed/lib/rv32imac/ilp32\libg_nano.a(lib_a-nano-mallocr.o)
                0x0000000020000100                __malloc_free_list
 .sbss.__malloc_sbrk_start
                0x0000000020000104        0x4 d:/mounriver/mounriver_studio/toolchain/risc-v embedded gcc/bin/../lib/gcc/riscv-none-embed/8.2.0/../../../../riscv-none-embed/lib/rv32imac/ilp32\libg_nano.a(lib_a-nano-mallocr.o)
                0x0000000020000104                __malloc_sbrk_start
 *(.gnu.linkonce.sb.*)
 *(.bss*)
 .bss.DisBuff   0x0000000020000108      0x400 ./User/Hardware/IIC_OLED/IIC_OLED.o
                0x0000000020000108                DisBuff
 *(.gnu.linkonce.b.*)
 *(COMMON*)
 COMMON         0x0000000020000508        0x6 ./User/Hardware/IIC_OLED/IIC_OLED.o
                0x0000000020000508                Buff
                0x000000002000050c                Start
 *fill*         0x000000002000050e        0x2 
 COMMON         0x0000000020000510        0x4 d:/mounriver/mounriver_studio/toolchain/risc-v embedded gcc/bin/../lib/gcc/riscv-none-embed/8.2.0/../../../../riscv-none-embed/lib/rv32imac/ilp32\libg_nano.a(lib_a-reent.o)
                0x0000000020000510                errno
                0x0000000020000514                . = ALIGN (0x4)
                0x0000000020000514                PROVIDE (_ebss = .)
                0x0000000020000514                PROVIDE (_end = _ebss)
                [!provide]                        PROVIDE (end = .)

.stack          0x0000000020007800      0x800
                0x0000000020007800                PROVIDE (_heap_end = .)
                0x0000000020007800                . = ALIGN (0x4)
                [!provide]                        PROVIDE (_susrstack = .)
                0x0000000020008000                . = (. + __stack_size)
 *fill*         0x0000000020007800      0x800 
                0x0000000020008000                PROVIDE (_eusrstack = .)
OUTPUT(CH32V307RCT6_上位机控制软件.elf elf32-littleriscv)

.debug_info     0x0000000000000000    0x10c3f
 .debug_info    0x0000000000000000     0x15ef ./User/System/USART.o
 .debug_info    0x00000000000015ef     0x3cc0 ./User/Hardware/IIC_OLED/IIC_OLED.o
 .debug_info    0x00000000000052af      0xc8c ./User/Hardware/KEY.o
 .debug_info    0x0000000000005f3b      0xd88 ./User/Hardware/LED.o
 .debug_info    0x0000000000006cc3     0x124e ./User/Hardware/MotorControl.o
 .debug_info    0x0000000000007f11     0x163c ./User/ch32v30x_it.o
 .debug_info    0x000000000000954d     0x12d7 ./User/main.o
 .debug_info    0x000000000000a824      0xb60 ./User/system_ch32v30x.o
 .debug_info    0x000000000000b384       0x22 ./Startup/startup_ch32v30x_D8C.o
 .debug_info    0x000000000000b3a6     0x1093 ./Peripheral/src/ch32v30x_gpio.o
 .debug_info    0x000000000000c439      0xf6d ./Peripheral/src/ch32v30x_misc.o
 .debug_info    0x000000000000d3a6     0x155d ./Peripheral/src/ch32v30x_rcc.o
 .debug_info    0x000000000000e903     0x1420 ./Peripheral/src/ch32v30x_usart.o
 .debug_info    0x000000000000fd23      0xf1c ./Debug/debug.o

.debug_abbrev   0x0000000000000000     0x276c
 .debug_abbrev  0x0000000000000000      0x2c9 ./User/System/USART.o
 .debug_abbrev  0x00000000000002c9      0x52a ./User/Hardware/IIC_OLED/IIC_OLED.o
 .debug_abbrev  0x00000000000007f3      0x28c ./User/Hardware/KEY.o
 .debug_abbrev  0x0000000000000a7f      0x28f ./User/Hardware/LED.o
 .debug_abbrev  0x0000000000000d0e      0x28a ./User/Hardware/MotorControl.o
 .debug_abbrev  0x0000000000000f98      0x2f4 ./User/ch32v30x_it.o
 .debug_abbrev  0x000000000000128c      0x28a ./User/main.o
 .debug_abbrev  0x0000000000001516      0x2c0 ./User/system_ch32v30x.o
 .debug_abbrev  0x00000000000017d6       0x12 ./Startup/startup_ch32v30x_D8C.o
 .debug_abbrev  0x00000000000017e8      0x31a ./Peripheral/src/ch32v30x_gpio.o
 .debug_abbrev  0x0000000000001b02      0x2fb ./Peripheral/src/ch32v30x_misc.o
 .debug_abbrev  0x0000000000001dfd      0x351 ./Peripheral/src/ch32v30x_rcc.o
 .debug_abbrev  0x000000000000214e      0x325 ./Peripheral/src/ch32v30x_usart.o
 .debug_abbrev  0x0000000000002473      0x2f9 ./Debug/debug.o

.debug_loc      0x0000000000000000     0x4d76
 .debug_loc     0x0000000000000000      0x10f ./User/System/USART.o
 .debug_loc     0x000000000000010f     0x2d1c ./User/Hardware/IIC_OLED/IIC_OLED.o
 .debug_loc     0x0000000000002e2b       0x7c ./User/Hardware/LED.o
 .debug_loc     0x0000000000002ea7      0x141 ./User/Hardware/MotorControl.o
 .debug_loc     0x0000000000002fe8      0x142 ./User/ch32v30x_it.o
 .debug_loc     0x000000000000312a       0x2a ./User/main.o
 .debug_loc     0x0000000000003154       0xe5 ./User/system_ch32v30x.o
 .debug_loc     0x0000000000003239      0x67b ./Peripheral/src/ch32v30x_gpio.o
 .debug_loc     0x00000000000038b4       0xce ./Peripheral/src/ch32v30x_misc.o
 .debug_loc     0x0000000000003982      0xa54 ./Peripheral/src/ch32v30x_rcc.o
 .debug_loc     0x00000000000043d6      0x7f8 ./Peripheral/src/ch32v30x_usart.o
 .debug_loc     0x0000000000004bce      0x1a8 ./Debug/debug.o

.debug_aranges  0x0000000000000000      0x8d0
 .debug_aranges
                0x0000000000000000       0x68 ./User/System/USART.o
 .debug_aranges
                0x0000000000000068      0x280 ./User/Hardware/IIC_OLED/IIC_OLED.o
 .debug_aranges
                0x00000000000002e8       0x40 ./User/Hardware/KEY.o
 .debug_aranges
                0x0000000000000328       0x58 ./User/Hardware/LED.o
 .debug_aranges
                0x0000000000000380       0xa0 ./User/Hardware/MotorControl.o
 .debug_aranges
                0x0000000000000420       0x70 ./User/ch32v30x_it.o
 .debug_aranges
                0x0000000000000490       0x28 ./User/main.o
 .debug_aranges
                0x00000000000004b8       0x28 ./User/system_ch32v30x.o
 .debug_aranges
                0x00000000000004e0       0x30 ./Startup/startup_ch32v30x_D8C.o
 .debug_aranges
                0x0000000000000510       0xa8 ./Peripheral/src/ch32v30x_gpio.o
 .debug_aranges
                0x00000000000005b8       0x28 ./Peripheral/src/ch32v30x_misc.o
 .debug_aranges
                0x00000000000005e0      0x1a8 ./Peripheral/src/ch32v30x_rcc.o
 .debug_aranges
                0x0000000000000788      0x100 ./Peripheral/src/ch32v30x_usart.o
 .debug_aranges
                0x0000000000000888       0x48 ./Debug/debug.o

.debug_ranges   0x0000000000000000      0x890
 .debug_ranges  0x0000000000000000       0x58 ./User/System/USART.o
 .debug_ranges  0x0000000000000058      0x2b8 ./User/Hardware/IIC_OLED/IIC_OLED.o
 .debug_ranges  0x0000000000000310       0x30 ./User/Hardware/KEY.o
 .debug_ranges  0x0000000000000340       0x48 ./User/Hardware/LED.o
 .debug_ranges  0x0000000000000388       0x90 ./User/Hardware/MotorControl.o
 .debug_ranges  0x0000000000000418       0x60 ./User/ch32v30x_it.o
 .debug_ranges  0x0000000000000478       0x18 ./User/main.o
 .debug_ranges  0x0000000000000490       0x38 ./User/system_ch32v30x.o
 .debug_ranges  0x00000000000004c8       0x28 ./Startup/startup_ch32v30x_D8C.o
 .debug_ranges  0x00000000000004f0       0x98 ./Peripheral/src/ch32v30x_gpio.o
 .debug_ranges  0x0000000000000588       0x48 ./Peripheral/src/ch32v30x_misc.o
 .debug_ranges  0x00000000000005d0      0x198 ./Peripheral/src/ch32v30x_rcc.o
 .debug_ranges  0x0000000000000768       0xf0 ./Peripheral/src/ch32v30x_usart.o
 .debug_ranges  0x0000000000000858       0x38 ./Debug/debug.o

.debug_line     0x0000000000000000     0xcaf1
 .debug_line    0x0000000000000000     0x101d ./User/System/USART.o
 .debug_line    0x000000000000101d     0x3a2d ./User/Hardware/IIC_OLED/IIC_OLED.o
 .debug_line    0x0000000000004a4a      0x481 ./User/Hardware/KEY.o
 .debug_line    0x0000000000004ecb      0x5b2 ./User/Hardware/LED.o
 .debug_line    0x000000000000547d      0xf58 ./User/Hardware/MotorControl.o
 .debug_line    0x00000000000063d5     0x1362 ./User/ch32v30x_it.o
 .debug_line    0x0000000000007737      0x7e6 ./User/main.o
 .debug_line    0x0000000000007f1d      0x6bc ./User/system_ch32v30x.o
 .debug_line    0x00000000000085d9      0x356 ./Startup/startup_ch32v30x_D8C.o
 .debug_line    0x000000000000892f      0xda3 ./Peripheral/src/ch32v30x_gpio.o
 .debug_line    0x00000000000096d2      0x4c2 ./Peripheral/src/ch32v30x_misc.o
 .debug_line    0x0000000000009b94     0x17e3 ./Peripheral/src/ch32v30x_rcc.o
 .debug_line    0x000000000000b377     0x109c ./Peripheral/src/ch32v30x_usart.o
 .debug_line    0x000000000000c413      0x6de ./Debug/debug.o

.debug_str      0x0000000000000000     0x2986
 .debug_str     0x0000000000000000      0x8e0 ./User/System/USART.o
                                        0x950 (size before relaxing)
 .debug_str     0x00000000000008e0      0x6cb ./User/Hardware/IIC_OLED/IIC_OLED.o
                                        0xdf1 (size before relaxing)
 .debug_str     0x0000000000000fab       0x58 ./User/Hardware/KEY.o
                                        0x768 (size before relaxing)
 .debug_str     0x0000000000001003       0x8b ./User/Hardware/LED.o
                                        0x7a1 (size before relaxing)
 .debug_str     0x000000000000108e      0x1b6 ./User/Hardware/MotorControl.o
                                        0x818 (size before relaxing)
 .debug_str     0x0000000000001244      0x88e ./User/ch32v30x_it.o
                                        0xed2 (size before relaxing)
 .debug_str     0x0000000000001ad2      0x145 ./User/main.o
                                        0x8fb (size before relaxing)
 .debug_str     0x0000000000001c17       0xf0 ./User/system_ch32v30x.o
                                        0x69e (size before relaxing)
 .debug_str     0x0000000000001d07       0x2e ./Startup/startup_ch32v30x_D8C.o
                                         0x62 (size before relaxing)
 .debug_str     0x0000000000001d35      0x213 ./Peripheral/src/ch32v30x_gpio.o
                                        0x95e (size before relaxing)
 .debug_str     0x0000000000001f48      0x109 ./Peripheral/src/ch32v30x_misc.o
                                        0xcb8 (size before relaxing)
 .debug_str     0x0000000000002051      0x5c9 ./Peripheral/src/ch32v30x_rcc.o
                                        0xcae (size before relaxing)
 .debug_str     0x000000000000261a      0x2ef ./Peripheral/src/ch32v30x_usart.o
                                        0xb04 (size before relaxing)
 .debug_str     0x0000000000002909       0x7d ./Debug/debug.o
                                        0x8ec (size before relaxing)

.comment        0x0000000000000000       0x33
 .comment       0x0000000000000000       0x33 ./User/System/USART.o
                                         0x34 (size before relaxing)
 .comment       0x0000000000000033       0x34 ./User/Hardware/IIC_OLED/IIC_OLED.o
 .comment       0x0000000000000033       0x34 ./User/Hardware/KEY.o
 .comment       0x0000000000000033       0x34 ./User/Hardware/LED.o
 .comment       0x0000000000000033       0x34 ./User/Hardware/MotorControl.o
 .comment       0x0000000000000033       0x34 ./User/ch32v30x_it.o
 .comment       0x0000000000000033       0x34 ./User/main.o
 .comment       0x0000000000000033       0x34 ./User/system_ch32v30x.o
 .comment       0x0000000000000033       0x34 ./Peripheral/src/ch32v30x_gpio.o
 .comment       0x0000000000000033       0x34 ./Peripheral/src/ch32v30x_misc.o
 .comment       0x0000000000000033       0x34 ./Peripheral/src/ch32v30x_rcc.o
 .comment       0x0000000000000033       0x34 ./Peripheral/src/ch32v30x_usart.o
 .comment       0x0000000000000033       0x34 ./Debug/debug.o

.debug_frame    0x0000000000000000     0x2120
 .debug_frame   0x0000000000000000      0x164 ./User/System/USART.o
 .debug_frame   0x0000000000000164      0xc60 ./User/Hardware/IIC_OLED/IIC_OLED.o
 .debug_frame   0x0000000000000dc4       0x74 ./User/Hardware/KEY.o
 .debug_frame   0x0000000000000e38      0x100 ./User/Hardware/LED.o
 .debug_frame   0x0000000000000f38      0x2d4 ./User/Hardware/MotorControl.o
 .debug_frame   0x000000000000120c      0x128 ./User/ch32v30x_it.o
 .debug_frame   0x0000000000001334       0x5c ./User/main.o
 .debug_frame   0x0000000000001390       0x3c ./User/system_ch32v30x.o
 .debug_frame   0x00000000000013cc      0x150 ./Peripheral/src/ch32v30x_gpio.o
 .debug_frame   0x000000000000151c       0x30 ./Peripheral/src/ch32v30x_misc.o
 .debug_frame   0x000000000000154c      0x340 ./Peripheral/src/ch32v30x_rcc.o
 .debug_frame   0x000000000000188c      0x210 ./Peripheral/src/ch32v30x_usart.o
 .debug_frame   0x0000000000001a9c       0xa4 ./Debug/debug.o
 .debug_frame   0x0000000000001b40       0x50 d:/mounriver/mounriver_studio/toolchain/risc-v embedded gcc/bin/../lib/gcc/riscv-none-embed/8.2.0/rv32imac/ilp32\libgcc.a(mulsf3.o)
 .debug_frame   0x0000000000001b90       0x20 d:/mounriver/mounriver_studio/toolchain/risc-v embedded gcc/bin/../lib/gcc/riscv-none-embed/8.2.0/rv32imac/ilp32\libgcc.a(fixunssfsi.o)
 .debug_frame   0x0000000000001bb0       0x44 d:/mounriver/mounriver_studio/toolchain/risc-v embedded gcc/bin/../lib/gcc/riscv-none-embed/8.2.0/rv32imac/ilp32\libgcc.a(floatunsisf.o)
 .debug_frame   0x0000000000001bf4       0x20 d:/mounriver/mounriver_studio/toolchain/risc-v embedded gcc/bin/../lib/gcc/riscv-none-embed/8.2.0/rv32imac/ilp32\libgcc.a(_clzsi2.o)
 .debug_frame   0x0000000000001c14       0x48 d:/mounriver/mounriver_studio/toolchain/risc-v embedded gcc/bin/../lib/gcc/riscv-none-embed/8.2.0/../../../../riscv-none-embed/lib/rv32imac/ilp32\libg_nano.a(lib_a-sprintf.o)
 .debug_frame   0x0000000000001c5c      0x148 d:/mounriver/mounriver_studio/toolchain/risc-v embedded gcc/bin/../lib/gcc/riscv-none-embed/8.2.0/../../../../riscv-none-embed/lib/rv32imac/ilp32\libg_nano.a(lib_a-findfp.o)
 .debug_frame   0x0000000000001da4       0x40 d:/mounriver/mounriver_studio/toolchain/risc-v embedded gcc/bin/../lib/gcc/riscv-none-embed/8.2.0/../../../../riscv-none-embed/lib/rv32imac/ilp32\libg_nano.a(lib_a-nano-mallocr.o)
 .debug_frame   0x0000000000001de4       0xe0 d:/mounriver/mounriver_studio/toolchain/risc-v embedded gcc/bin/../lib/gcc/riscv-none-embed/8.2.0/../../../../riscv-none-embed/lib/rv32imac/ilp32\libg_nano.a(lib_a-nano-svfprintf.o)
 .debug_frame   0x0000000000001ec4       0x8c d:/mounriver/mounriver_studio/toolchain/risc-v embedded gcc/bin/../lib/gcc/riscv-none-embed/8.2.0/../../../../riscv-none-embed/lib/rv32imac/ilp32\libg_nano.a(lib_a-nano-vfprintf_i.o)
 .debug_frame   0x0000000000001f50       0x30 d:/mounriver/mounriver_studio/toolchain/risc-v embedded gcc/bin/../lib/gcc/riscv-none-embed/8.2.0/../../../../riscv-none-embed/lib/rv32imac/ilp32\libg_nano.a(lib_a-sbrkr.o)
 .debug_frame   0x0000000000001f80       0x20 d:/mounriver/mounriver_studio/toolchain/risc-v embedded gcc/bin/../lib/gcc/riscv-none-embed/8.2.0/../../../../riscv-none-embed/lib/rv32imac/ilp32\libg_nano.a(lib_a-memchr.o)
 .debug_frame   0x0000000000001fa0       0x20 d:/mounriver/mounriver_studio/toolchain/risc-v embedded gcc/bin/../lib/gcc/riscv-none-embed/8.2.0/../../../../riscv-none-embed/lib/rv32imac/ilp32\libg_nano.a(lib_a-memcpy.o)
 .debug_frame   0x0000000000001fc0       0x20 d:/mounriver/mounriver_studio/toolchain/risc-v embedded gcc/bin/../lib/gcc/riscv-none-embed/8.2.0/../../../../riscv-none-embed/lib/rv32imac/ilp32\libg_nano.a(lib_a-memmove.o)
 .debug_frame   0x0000000000001fe0       0x30 d:/mounriver/mounriver_studio/toolchain/risc-v embedded gcc/bin/../lib/gcc/riscv-none-embed/8.2.0/../../../../riscv-none-embed/lib/rv32imac/ilp32\libg_nano.a(lib_a-mlock.o)
 .debug_frame   0x0000000000002010       0x40 d:/mounriver/mounriver_studio/toolchain/risc-v embedded gcc/bin/../lib/gcc/riscv-none-embed/8.2.0/../../../../riscv-none-embed/lib/rv32imac/ilp32\libg_nano.a(lib_a-nano-freer.o)
 .debug_frame   0x0000000000002050       0x40 d:/mounriver/mounriver_studio/toolchain/risc-v embedded gcc/bin/../lib/gcc/riscv-none-embed/8.2.0/../../../../riscv-none-embed/lib/rv32imac/ilp32\libg_nano.a(lib_a-nano-reallocr.o)
 .debug_frame   0x0000000000002090       0x70 d:/mounriver/mounriver_studio/toolchain/risc-v embedded gcc/bin/../lib/gcc/riscv-none-embed/8.2.0/../../../../riscv-none-embed/lib/rv32imac/ilp32\libg_nano.a(lib_a-reent.o)
 .debug_frame   0x0000000000002100       0x20 d:/mounriver/mounriver_studio/toolchain/risc-v embedded gcc/bin/../lib/gcc/riscv-none-embed/8.2.0/../../../../riscv-none-embed/lib/rv32imac/ilp32\libg_nano.a(lib_a-nano-msizer.o)

.stabstr        0x0000000000000000      0x117
 .stabstr       0x0000000000000000      0x117 d:/mounriver/mounriver_studio/toolchain/risc-v embedded gcc/bin/../lib/gcc/riscv-none-embed/8.2.0/../../../../riscv-none-embed/lib/rv32imac/ilp32\libnosys.a(close.o)
